>@property
#^^^^^^^^^ source.vehicle keyword.other.declaration.property.vehicle
>