>test1 : Bool
#^^^^^^ source.vehicle
#      ^ source.vehicle keyword.operator.colon.vehicle
#       ^ source.vehicle
#        ^^^^ source.vehicle support.type.bool.vehicle
>test2 = True
#^^^^^^ source.vehicle
#      ^ source.vehicle keyword.operator.define.vehicle
#       ^ source.vehicle
#        ^^^^ source.vehicle constant.language.true.vehicle
>