>tensor : Vector Nat 2
#^^^^ source.vehicle
#    ^^ source.vehicle keyword.operator.or.vehicle
#      ^ source.vehicle
#       ^ source.vehicle keyword.operator.colon.vehicle
#        ^ source.vehicle
#         ^^^^^^ source.vehicle support.type.vector.vehicle
#               ^ source.vehicle
#                ^^^ source.vehicle support.type.nat.vehicle
#                   ^ source.vehicle
#                    ^ source.vehicle constant.numeric.integral.decimal.vehicle
>tensor = [1]
#^^^^ source.vehicle
#    ^^ source.vehicle keyword.operator.or.vehicle
#      ^ source.vehicle
#       ^ source.vehicle keyword.operator.define.vehicle
#        ^^ source.vehicle
#          ^ source.vehicle constant.numeric.integral.decimal.vehicle
#           ^^ source.vehicle
>