>nat : Nat
#^^^^ source.vehicle
#    ^ source.vehicle keyword.operator.colon.vehicle
#     ^ source.vehicle
#      ^^^ source.vehicle support.type.nat.vehicle
>nat = -1
#^^^^ source.vehicle
#    ^ source.vehicle keyword.operator.define.vehicle
#     ^ source.vehicle
#      ^ source.vehicle keyword.operator.sub.vehicle
#       ^ source.vehicle constant.numeric.integral.decimal.vehicle
>