>@property
#^^^^^^^^^ source.vehicle keyword.other.declaration.property.vehicle
>p : Rat
#^^ source.vehicle
#  ^ source.vehicle keyword.operator.colon.vehicle
#   ^ source.vehicle
#    ^^^ source.vehicle support.type.rat.vehicle
>p = 0.1
#^^ source.vehicle
#  ^ source.vehicle keyword.operator.define.vehicle
#   ^ source.vehicle
#    ^^^ source.vehicle constant.numeric.floating.decimal.vehicle
>