>@dataset
#^^^^^^^^ source.vehicle keyword.other.declaration.dataset.vehicle
>trainingDataset : Nat
#^^^^^^^^^^^^^^^^ source.vehicle
#                ^ source.vehicle keyword.operator.colon.vehicle
#                 ^ source.vehicle
#                  ^^^ source.vehicle support.type.nat.vehicle
>