>-- Test passes dataset of type List Rat
#^^ source.vehicle comment.line.double-dash.vehicle punctuation.definition.comment.vehicle
#  ^^^^^^^^^^^^^^^^^^^^^^^^^^^^^^^^^^^^^ source.vehicle comment.line.double-dash.vehicle
>@dataset
#^^^^^^^^ source.vehicle keyword.other.declaration.dataset.vehicle
>trainingDataset : List Int
#^^^^^^^^^^^^^^^^ source.vehicle
#                ^ source.vehicle keyword.operator.colon.vehicle
#                 ^ source.vehicle
#                  ^^^^ source.vehicle support.type.list.vehicle
#                      ^ source.vehicle
#                       ^^^ source.vehicle support.type.int.vehicle
>