>test1 : Bool -> Bool
#^^^^^^ source.vehicle
#      ^ source.vehicle keyword.operator.colon.vehicle
#       ^ source.vehicle
#        ^^^^ source.vehicle support.type.bool.vehicle
#            ^ source.vehicle
#             ^^ source.vehicle keyword.operator.arrow.vehicle
#               ^ source.vehicle
#                ^^^^ source.vehicle support.type.bool.vehicle
>test1 = \ -> True
#^^^^^^ source.vehicle
#      ^ source.vehicle keyword.operator.define.vehicle
#       ^ source.vehicle
#        ^ source.vehicle keyword.operator.lambda.vehicle
#         ^ source.vehicle
#          ^^ source.vehicle keyword.operator.arrow.vehicle
#            ^ source.vehicle
#             ^^^^ source.vehicle constant.language.true.vehicle
>