>@network
#^^^^^^^^ source.vehicle keyword.other.declaration.network.vehicle
>f : Rat
#^^ source.vehicle
#  ^ source.vehicle keyword.operator.colon.vehicle
#   ^ source.vehicle
#    ^^^ source.vehicle support.type.rat.vehicle
>