>test : Nat -> Nat
#^^^^^ source.vehicle
#     ^ source.vehicle keyword.operator.colon.vehicle
#      ^ source.vehicle
#       ^^^ source.vehicle support.type.nat.vehicle
#          ^ source.vehicle
#           ^^ source.vehicle keyword.operator.arrow.vehicle
#             ^ source.vehicle
#              ^^^ source.vehicle support.type.nat.vehicle
>