>quantifierExists : Bool
#^^^^^^^^^^^^^^^^^ source.vehicle
#                 ^ source.vehicle keyword.operator.colon.vehicle
#                  ^ source.vehicle
#                   ^^^^ source.vehicle support.type.bool.vehicle
>quantifierExists = exists (x : Rat) . x >= 0
#^^^^^^^^^^^^^^^^^ source.vehicle
#                 ^ source.vehicle keyword.operator.define.vehicle
#                  ^ source.vehicle
#                   ^^^^^^ source.vehicle keyword.control.exists.vehicle
#                         ^^^^ source.vehicle
#                             ^ source.vehicle keyword.operator.colon.vehicle
#                              ^ source.vehicle
#                               ^^^ source.vehicle support.type.rat.vehicle
#                                  ^^ source.vehicle
#                                    ^ source.vehicle keyword.operator.dot.vehicle
#                                     ^^^ source.vehicle
#                                        ^^ source.vehicle keyword.operator.gte.vehicle
#                                          ^ source.vehicle
#                                           ^ source.vehicle constant.numeric.integral.decimal.vehicle
>