>multiplication : Rat
#^^^^^^^^^^^^^^^ source.vehicle
#               ^ source.vehicle keyword.operator.colon.vehicle
#                ^ source.vehicle
#                 ^^^ source.vehicle support.type.rat.vehicle
>multiplication = 6 * 2
#^^^^^^^^^^^^^^^ source.vehicle
#               ^ source.vehicle keyword.operator.define.vehicle
#                ^ source.vehicle
#                 ^ source.vehicle constant.numeric.integral.decimal.vehicle
#                  ^ source.vehicle
#                   ^ source.vehicle keyword.operator.mul.vehicle
#                    ^ source.vehicle
#                     ^ source.vehicle constant.numeric.integral.decimal.vehicle
>