>indicator : Bool
#^^^^^^^ source.vehicle
#       ^^ source.vehicle keyword.operator.or.vehicle
#         ^ source.vehicle
#          ^ source.vehicle keyword.operator.colon.vehicle
#           ^ source.vehicle
#            ^^^^ source.vehicle support.type.bool.vehicle
>indicator = 1 != 1
#^^^^^^^ source.vehicle
#       ^^ source.vehicle keyword.operator.or.vehicle
#         ^ source.vehicle
#          ^ source.vehicle keyword.operator.define.vehicle
#           ^ source.vehicle
#            ^ source.vehicle constant.numeric.integral.decimal.vehicle
#             ^ source.vehicle
#              ^^ source.vehicle keyword.operator.distinct.vehicle
#                ^ source.vehicle
#                 ^ source.vehicle constant.numeric.integral.decimal.vehicle
>