>@parameter
#^^^^^^^^^^ source.vehicle keyword.other.declaration.parameter.vehicle
>r : Rat
#^^ source.vehicle
#  ^ source.vehicle keyword.operator.colon.vehicle
#   ^ source.vehicle
#    ^^^ source.vehicle support.type.rat.vehicle
>