>@parameter
#^^^^^^^^^^ source.vehicle keyword.other.declaration.parameter.vehicle
>b : Bool
#^^ source.vehicle
#  ^ source.vehicle keyword.operator.colon.vehicle
#   ^ source.vehicle
#    ^^^^ source.vehicle support.type.bool.vehicle
>