>@parameter
#^^^^^^^^^^ source.vehicle keyword.other.declaration.parameter.vehicle
>n : Nat
#^^ source.vehicle
#  ^ source.vehicle keyword.operator.colon.vehicle
#   ^ source.vehicle
#    ^^^ source.vehicle support.type.nat.vehicle
>